
> meetadvaith@1.0.3 build /app
> next build

▲ Next.js 16.1.4 (Turbopack)

  Creating an optimized production build ...
✓ Compiled successfully in 12.1s
  Running TypeScript ...
  Collecting page data using 3 workers ...
  Generating static pages using 3 workers (0/14) ...
  Generating static pages using 3 workers (3/14)
  Generating static pages using 3 workers (6/14)
  Generating static pages using 3 workers (10/14)
✓ Generating static pages using 3 workers (14/14) in 597.6ms
  Finalizing page optimization ...

Route (app)
┌ ○ /
├ ○ /_not-found
├ ○ /blog/anchored-down-psychology-of-coupon-use
├ ○ /blog/bad-arguments-and-bogus-logic-navigating-logical-fallacies
├ ○ /blog/the-behavioral-economics-of-christmas
├ ○ /blog/the-behavioral-economics-of-love
├ ○ /blog/the-psychology-of-coupon-use
├ ○ /burn
├ ○ /engineer-game
├ ○ /ima
├ ○ /robots.txt
└ ○ /sitemap.xml


○  (Static)  prerendered as static content
